  Determining projects to restore...
  All projects are up-to-date for restore.
  GGs.Shared -> c:\Users\307824\OneDrive - V├ñster├Ñs Stad\Skrivbordet\GGs\shared\GGs.Shared\bin\Release\net8.0\GGs.Shared.dll
  GGs.Agent -> c:\Users\307824\OneDrive - V├ñster├Ñs Stad\Skrivbordet\GGs\agent\GGs.Agent\bin\Release\net8.0-windows\GGs.Agent.dll
  GGs.Server -> c:\Users\307824\OneDrive - V├ñster├Ñs Stad\Skrivbordet\GGs\server\GGs.Server\bin\Release\net8.0\GGs.Server.dll
  GGs.Desktop -> c:\Users\307824\OneDrive - V├ñster├Ñs Stad\Skrivbordet\GGs\clients\GGs.Desktop\bin\Release\net8.0-windows\GGs.Desktop.dll

Build succeeded.
    0 Warning(s)
    0 Error(s)

Time Elapsed 00:00:01.86
