<?xml version="1.0" encoding="utf-8"?>
<TestRun id="9ac97aed-ccb0-48a5-9efe-d2a45f62bbc8" name="Administrator@WIN-6VNSHN72U8Q 2025-09-03 19:24:40" runUser="WIN-6VNSHN72U8Q\Administrator" xmlns="http://microsoft.com/schemas/VisualStudio/TeamTest/2010">
  <Times creation="2025-09-03T19:24:40.1337556+02:00" queuing="2025-09-03T19:24:40.1337558+02:00" start="2025-09-03T19:24:20.7622859+02:00" finish="2025-09-03T19:25:16.7100433+02:00" />
  <TestSettings name="default" id="d4040a20-c77c-4e14-8349-ac4ddf17383b">
    <Deployment runDeploymentRoot="Administrator_WIN-6VNSHN72U8Q_2025-09-03_19_24_40" />
  </TestSettings>
  <Results>
    <UnitTestResult executionId="4f3522ab-854f-4436-ae22-bcf119102907" testId="dc91776a-4a6f-e111-0b95-936bbbfa763b" testName="GGs.E2ETests.LicenseActivationTests.InvalidJson_ShouldFailGracefully" computerName="WIN-6VNSHN72U8Q" duration="00:00:00.0007420" startTime="2025-09-03T19:25:06.1340291+02:00" endTime="2025-09-03T19:25:06.1340292+02:00" testType="13cdc9d9-ddb5-4fa4-a97d-d965ccfc6d4b" outcome="Passed" testListId="8c84fa94-04c1-424b-9868-57a2d4851a1d" relativeResultsDirectory="4f3522ab-854f-4436-ae22-bcf119102907" />
    <UnitTestResult executionId="85ebb27b-9ddd-47ee-97f0-f78596f7280e" testId="0d533ca2-649b-277b-c4fb-454c6a517a45" testName="GGs.E2ETests.StartupResilienceTests.ErrorLogViewer_Should_Open_And_ReadExistingLogsOnce" computerName="WIN-6VNSHN72U8Q" duration="00:00:00.3293539" startTime="2025-09-03T19:25:05.8624937+02:00" endTime="2025-09-03T19:25:05.8624939+02:00" testType="13cdc9d9-ddb5-4fa4-a97d-d965ccfc6d4b" outcome="Passed" testListId="8c84fa94-04c1-424b-9868-57a2d4851a1d" relativeResultsDirectory="85ebb27b-9ddd-47ee-97f0-f78596f7280e" />
    <UnitTestResult executionId="3e95ab3e-5e13-45c8-83b6-41af871826f2" testId="77b58382-c874-18c0-29fc-9c63d6731ce7" testName="GGs.E2ETests.AutoUpdateServiceTests.DownloadAndInstallAsync_ReturnsFalse_OnHashMismatch" computerName="WIN-6VNSHN72U8Q" duration="00:00:00.0073019" startTime="2025-09-03T19:25:06.1553193+02:00" endTime="2025-09-03T19:25:06.1553198+02:00" testType="13cdc9d9-ddb5-4fa4-a97d-d965ccfc6d4b" outcome="Passed" testListId="8c84fa94-04c1-424b-9868-57a2d4851a1d" relativeResultsDirectory="3e95ab3e-5e13-45c8-83b6-41af871826f2" />
    <UnitTestResult executionId="f95c5b86-26b7-427e-b311-ab670d780b19" testId="8cb35493-4d7c-98f6-2b93-6c935d7baaf5" testName="GGs.E2ETests.StartupHealthServiceTests.CrashLoop_Detected_After_Three_Unclean_Starts_In_Window" computerName="WIN-6VNSHN72U8Q" duration="00:00:00.0013276" startTime="2025-09-03T19:25:06.1331692+02:00" endTime="2025-09-03T19:25:06.1331693+02:00" testType="13cdc9d9-ddb5-4fa4-a97d-d965ccfc6d4b" outcome="Passed" testListId="8c84fa94-04c1-424b-9868-57a2d4851a1d" relativeResultsDirectory="f95c5b86-26b7-427e-b311-ab670d780b19" />
    <UnitTestResult executionId="a977ab00-f02e-4a59-ad34-9bb2ff5661aa" testId="de3c7600-c4cb-46b1-cf33-986923c5e2dc" testName="GGs.E2ETests.LicenseActivationTests.DemoKeyActivation_ShouldPersistPayload" computerName="WIN-6VNSHN72U8Q" duration="00:00:00.0137023" startTime="2025-09-03T19:25:06.1478107+02:00" endTime="2025-09-03T19:25:06.1478109+02:00" testType="13cdc9d9-ddb5-4fa4-a97d-d965ccfc6d4b" outcome="Passed" testListId="8c84fa94-04c1-424b-9868-57a2d4851a1d" relativeResultsDirectory="a977ab00-f02e-4a59-ad34-9bb2ff5661aa" />
    <UnitTestResult executionId="8e99731b-d3b3-4374-9da5-6b80c1e22b56" testId="90f585e5-ceaf-4942-0286-c1d13b4ae58c" testName="GGs.E2ETests.StartupResilienceTests.RecoveryWindow_Should_Open_And_Close_Safely" computerName="WIN-6VNSHN72U8Q" duration="00:00:00.1248427" startTime="2025-09-03T19:25:05.9874446+02:00" endTime="2025-09-03T19:25:05.9874453+02:00" testType="13cdc9d9-ddb5-4fa4-a97d-d965ccfc6d4b" outcome="Passed" testListId="8c84fa94-04c1-424b-9868-57a2d4851a1d" relativeResultsDirectory="8e99731b-d3b3-4374-9da5-6b80c1e22b56" />
    <UnitTestResult executionId="17867605-3020-4e97-b9a2-ad50ac4d7652" testId="5ccd6b58-e9b2-bec0-bffd-d564c851d086" testName="GGs.E2ETests.EnrichedAuditLogTests.ScriptTweak_Logs_ScriptAppliedAndUndo" computerName="WIN-6VNSHN72U8Q" duration="00:00:06.5879434" startTime="2025-09-03T19:25:16.5768601+02:00" endTime="2025-09-03T19:25:16.5768604+02:00" testType="13cdc9d9-ddb5-4fa4-a97d-d965ccfc6d4b" outcome="Passed" testListId="8c84fa94-04c1-424b-9868-57a2d4851a1d" relativeResultsDirectory="17867605-3020-4e97-b9a2-ad50ac4d7652" />
    <UnitTestResult executionId="f8e8c0ca-28a4-4f97-b7f6-1dd22f71f4b1" testId="566d3333-4610-901c-cff9-e5e415e4aeed" testName="GGs.E2ETests.TweakExecutionTests.BatchTweakExecution_ShouldProcessInOrder" computerName="WIN-6VNSHN72U8Q" duration="00:00:15.1555690" startTime="2025-09-03T19:24:55.2688942+02:00" endTime="2025-09-03T19:24:55.2688945+02:00" testType="13cdc9d9-ddb5-4fa4-a97d-d965ccfc6d4b" outcome="Passed" testListId="8c84fa94-04c1-424b-9868-57a2d4851a1d" relativeResultsDirectory="f8e8c0ca-28a4-4f97-b7f6-1dd22f71f4b1" />
    <UnitTestResult executionId="1ebe5038-cb35-4f3b-b65a-6a6bf85eddb4" testId="ef58609a-db30-2c8e-77dd-ab40d2f66e44" testName="GGs.E2ETests.TweakExecutionTests.SupportedTweakTypes_ShouldExecuteSuccessfully(commandType: Registry)" computerName="WIN-6VNSHN72U8Q" duration="00:00:03.7153732" startTime="2025-09-03T19:25:05.5303003+02:00" endTime="2025-09-03T19:25:05.5303006+02:00" testType="13cdc9d9-ddb5-4fa4-a97d-d965ccfc6d4b" outcome="Passed" testListId="8c84fa94-04c1-424b-9868-57a2d4851a1d" relativeResultsDirectory="1ebe5038-cb35-4f3b-b65a-6a6bf85eddb4" />
    <UnitTestResult executionId="204fb960-c124-4a4e-bed1-7874a8c734bf" testId="8609cf40-8047-c370-363d-2b612208f4bf" testName="GGs.E2ETests.StartupHealthServiceTests.Clean_Exit_Breaks_Loop" computerName="WIN-6VNSHN72U8Q" duration="00:00:00.0045313" startTime="2025-09-03T19:25:06.1318070+02:00" endTime="2025-09-03T19:25:06.1318071+02:00" testType="13cdc9d9-ddb5-4fa4-a97d-d965ccfc6d4b" outcome="Passed" testListId="8c84fa94-04c1-424b-9868-57a2d4851a1d" relativeResultsDirectory="204fb960-c124-4a4e-bed1-7874a8c734bf" />
    <UnitTestResult executionId="116c1515-31a9-465d-8a2f-fc4a5071b15c" testId="cbeabe85-058b-9359-35ce-6e45aa47aef0" testName="GGs.E2ETests.LoggingTests.AppLogger_ShouldWrite_To_Custom_Log_Dir" computerName="WIN-6VNSHN72U8Q" duration="00:00:00.0112225" startTime="2025-09-03T19:25:06.0595980+02:00" endTime="2025-09-03T19:25:06.0595992+02:00" testType="13cdc9d9-ddb5-4fa4-a97d-d965ccfc6d4b" outcome="Passed" testListId="8c84fa94-04c1-424b-9868-57a2d4851a1d" relativeResultsDirectory="116c1515-31a9-465d-8a2f-fc4a5071b15c" />
    <UnitTestResult executionId="c5df26d7-b290-4c7f-b461-69307246ab8a" testId="77f3733f-bd6f-cce2-7054-04acd44958fa" testName="GGs.E2ETests.LicenseFlowTests.InvalidJson_ShouldFail_Gracefully" computerName="WIN-6VNSHN72U8Q" duration="00:00:00.0310381" startTime="2025-09-03T19:25:06.0187487+02:00" endTime="2025-09-03T19:25:06.0187489+02:00" testType="13cdc9d9-ddb5-4fa4-a97d-d965ccfc6d4b" outcome="Passed" testListId="8c84fa94-04c1-424b-9868-57a2d4851a1d" relativeResultsDirectory="c5df26d7-b290-4c7f-b461-69307246ab8a" />
    <UnitTestResult executionId="8596722a-ae15-486f-9a78-2e7c0a056a81" testId="e7aaa6ec-3fdb-6d5f-0b53-277941647718" testName="GGs.E2ETests.LicenseServiceTests.License_ReadWrite_IsConcurrencySafe_And_UpdatesMetadata" computerName="WIN-6VNSHN72U8Q" duration="00:00:00.0067923" startTime="2025-09-03T19:25:06.2205301+02:00" endTime="2025-09-03T19:25:06.2205303+02:00" testType="13cdc9d9-ddb5-4fa4-a97d-d965ccfc6d4b" outcome="Passed" testListId="8c84fa94-04c1-424b-9868-57a2d4851a1d" relativeResultsDirectory="8596722a-ae15-486f-9a78-2e7c0a056a81" />
    <UnitTestResult executionId="ee925e88-90e0-428a-9acd-8fce741a06c0" testId="7d879b8f-8143-b46f-521e-6863efec246d" testName="GGs.E2ETests.TweakExecutionTests.SupportedTweakTypes_ShouldExecuteSuccessfully(commandType: Script)" computerName="WIN-6VNSHN72U8Q" duration="00:00:06.5453430" startTime="2025-09-03T19:25:01.8145791+02:00" endTime="2025-09-03T19:25:01.8145793+02:00" testType="13cdc9d9-ddb5-4fa4-a97d-d965ccfc6d4b" outcome="Passed" testListId="8c84fa94-04c1-424b-9868-57a2d4851a1d" relativeResultsDirectory="ee925e88-90e0-428a-9acd-8fce741a06c0" />
    <UnitTestResult executionId="4b007e37-2f21-41d1-817d-46efea84a1d6" testId="ccae41f9-05e0-e856-c182-99936a32c676" testName="GGs.E2ETests.EnrichedAuditLogTests.RegistryTweak_Logs_EnrichedFields" computerName="WIN-6VNSHN72U8Q" duration="00:00:03.7674308" startTime="2025-09-03T19:25:09.9885345+02:00" endTime="2025-09-03T19:25:09.9885348+02:00" testType="13cdc9d9-ddb5-4fa4-a97d-d965ccfc6d4b" outcome="Passed" testListId="8c84fa94-04c1-424b-9868-57a2d4851a1d" relativeResultsDirectory="4b007e37-2f21-41d1-817d-46efea84a1d6" />
    <UnitTestResult executionId="4e973246-a19e-4dd3-a5b2-469727dbc423" testId="b8b399d2-7e72-47aa-e845-4e3490c2793b" testName="GGs.E2ETests.LicenseFlowTests.AppConfig_DemoMode_ShouldFollowEnv" computerName="WIN-6VNSHN72U8Q" duration="00:00:00.0001960" startTime="2025-09-03T19:25:06.0480999+02:00" endTime="2025-09-03T19:25:06.0481000+02:00" testType="13cdc9d9-ddb5-4fa4-a97d-d965ccfc6d4b" outcome="Passed" testListId="8c84fa94-04c1-424b-9868-57a2d4851a1d" relativeResultsDirectory="4e973246-a19e-4dd3-a5b2-469727dbc423" />
    <UnitTestResult executionId="27c5c964-e33e-49b5-a166-d1f6a56bb614" testId="369eb333-1a64-932e-9e26-727c6058db86" testName="GGs.E2ETests.CrashReportingTests.CrashReporting_Writes_Scrubbed_Report_With_Attachments" computerName="WIN-6VNSHN72U8Q" duration="00:00:00.0670573" startTime="2025-09-03T19:25:06.1270708+02:00" endTime="2025-09-03T19:25:06.1270711+02:00" testType="13cdc9d9-ddb5-4fa4-a97d-d965ccfc6d4b" outcome="Passed" testListId="8c84fa94-04c1-424b-9868-57a2d4851a1d" relativeResultsDirectory="27c5c964-e33e-49b5-a166-d1f6a56bb614" />
    <UnitTestResult executionId="7214d8a6-241d-49b4-a4c7-560b649636fb" testId="bc61ec0f-5295-1aec-fed8-071e2fa32d17" testName="GGs.E2ETests.TweakExecutionTests.ExecuteTweak_WithUndoRedo_ShouldMaintainStateConsistency" computerName="WIN-6VNSHN72U8Q" duration="00:00:18.9375109" startTime="2025-09-03T19:24:40.1125682+02:00" endTime="2025-09-03T19:24:40.1125822+02:00" testType="13cdc9d9-ddb5-4fa4-a97d-d965ccfc6d4b" outcome="Passed" testListId="8c84fa94-04c1-424b-9868-57a2d4851a1d" relativeResultsDirectory="7214d8a6-241d-49b4-a4c7-560b649636fb" />
    <UnitTestResult executionId="4fb071e7-c209-4925-9991-8368b42e9861" testId="954465f5-6038-e4f1-3a1b-f2f7a10d5f85" testName="GGs.E2ETests.LicenseFlowTests.DemoKeyActivation_ShouldSucceed_AndPersist" computerName="WIN-6VNSHN72U8Q" duration="00:00:00.0289708" startTime="2025-09-03T19:25:06.0478308+02:00" endTime="2025-09-03T19:25:06.0478311+02:00" testType="13cdc9d9-ddb5-4fa4-a97d-d965ccfc6d4b" outcome="Passed" testListId="8c84fa94-04c1-424b-9868-57a2d4851a1d" relativeResultsDirectory="4fb071e7-c209-4925-9991-8368b42e9861" />
    <UnitTestResult executionId="90dfb5d4-9683-47ea-b0d6-2d59f1d3b0a9" testId="37819845-f39b-3ab2-e856-bedba185a404" testName="GGs.E2ETests.AutoUpdateServiceTests.CheckForUpdatesAsync_Fails_WhenSignatureInvalid" computerName="WIN-6VNSHN72U8Q" duration="00:00:00.0510573" startTime="2025-09-03T19:25:06.2132949+02:00" endTime="2025-09-03T19:25:06.2132951+02:00" testType="13cdc9d9-ddb5-4fa4-a97d-d965ccfc6d4b" outcome="Passed" testListId="8c84fa94-04c1-424b-9868-57a2d4851a1d" relativeResultsDirectory="90dfb5d4-9683-47ea-b0d6-2d59f1d3b0a9" />
    <UnitTestResult executionId="dcbe28a9-7c4b-4ece-866a-48a9cf6911c6" testId="ad340158-673a-4c03-2b44-1a3f2e6ff9d3" testName="GGs.E2ETests.AutoUpdateServiceTests.CheckForUpdatesAsync_ReturnsInfo_WhenNewer_NoSignature" computerName="WIN-6VNSHN72U8Q" duration="00:00:00.0067757" startTime="2025-09-03T19:25:06.1621522+02:00" endTime="2025-09-03T19:25:06.1621523+02:00" testType="13cdc9d9-ddb5-4fa4-a97d-d965ccfc6d4b" outcome="Passed" testListId="8c84fa94-04c1-424b-9868-57a2d4851a1d" relativeResultsDirectory="dcbe28a9-7c4b-4ece-866a-48a9cf6911c6" />
  </Results>
  <TestDefinitions>
    <UnitTest name="GGs.E2ETests.LicenseFlowTests.InvalidJson_ShouldFail_Gracefully" storage="c:\users\administrator\ggs\tests\ggs.e2etests\bin\debug\net8.0-windows\ggs.e2etests.dll" id="77f3733f-bd6f-cce2-7054-04acd44958fa">
      <Execution id="c5df26d7-b290-4c7f-b461-69307246ab8a" />
      <TestMethod codeBase="C:\Users\Administrator\GGs\tests\GGs.E2ETests\bin\Debug\net8.0-windows\GGs.E2ETests.dll" adapterTypeName="executor://xunit/VsTestRunner2/netcoreapp" className="GGs.E2ETests.LicenseFlowTests" name="InvalidJson_ShouldFail_Gracefully" />
    </UnitTest>
    <UnitTest name="GGs.E2ETests.TweakExecutionTests.BatchTweakExecution_ShouldProcessInOrder" storage="c:\users\administrator\ggs\tests\ggs.e2etests\bin\debug\net8.0-windows\ggs.e2etests.dll" id="566d3333-4610-901c-cff9-e5e415e4aeed">
      <Execution id="f8e8c0ca-28a4-4f97-b7f6-1dd22f71f4b1" />
      <TestMethod codeBase="C:\Users\Administrator\GGs\tests\GGs.E2ETests\bin\Debug\net8.0-windows\GGs.E2ETests.dll" adapterTypeName="executor://xunit/VsTestRunner2/netcoreapp" className="GGs.E2ETests.TweakExecutionTests" name="BatchTweakExecution_ShouldProcessInOrder" />
    </UnitTest>
    <UnitTest name="GGs.E2ETests.LicenseActivationTests.InvalidJson_ShouldFailGracefully" storage="c:\users\administrator\ggs\tests\ggs.e2etests\bin\debug\net8.0-windows\ggs.e2etests.dll" id="dc91776a-4a6f-e111-0b95-936bbbfa763b">
      <Execution id="4f3522ab-854f-4436-ae22-bcf119102907" />
      <TestMethod codeBase="C:\Users\Administrator\GGs\tests\GGs.E2ETests\bin\Debug\net8.0-windows\GGs.E2ETests.dll" adapterTypeName="executor://xunit/VsTestRunner2/netcoreapp" className="GGs.E2ETests.LicenseActivationTests" name="InvalidJson_ShouldFailGracefully" />
    </UnitTest>
    <UnitTest name="GGs.E2ETests.AutoUpdateServiceTests.CheckForUpdatesAsync_Fails_WhenSignatureInvalid" storage="c:\users\administrator\ggs\tests\ggs.e2etests\bin\debug\net8.0-windows\ggs.e2etests.dll" id="37819845-f39b-3ab2-e856-bedba185a404">
      <Execution id="90dfb5d4-9683-47ea-b0d6-2d59f1d3b0a9" />
      <TestMethod codeBase="C:\Users\Administrator\GGs\tests\GGs.E2ETests\bin\Debug\net8.0-windows\GGs.E2ETests.dll" adapterTypeName="executor://xunit/VsTestRunner2/netcoreapp" className="GGs.E2ETests.AutoUpdateServiceTests" name="CheckForUpdatesAsync_Fails_WhenSignatureInvalid" />
    </UnitTest>
    <UnitTest name="GGs.E2ETests.TweakExecutionTests.SupportedTweakTypes_ShouldExecuteSuccessfully(commandType: Registry)" storage="c:\users\administrator\ggs\tests\ggs.e2etests\bin\debug\net8.0-windows\ggs.e2etests.dll" id="ef58609a-db30-2c8e-77dd-ab40d2f66e44">
      <Execution id="1ebe5038-cb35-4f3b-b65a-6a6bf85eddb4" />
      <TestMethod codeBase="C:\Users\Administrator\GGs\tests\GGs.E2ETests\bin\Debug\net8.0-windows\GGs.E2ETests.dll" adapterTypeName="executor://xunit/VsTestRunner2/netcoreapp" className="GGs.E2ETests.TweakExecutionTests" name="SupportedTweakTypes_ShouldExecuteSuccessfully" />
    </UnitTest>
    <UnitTest name="GGs.E2ETests.StartupHealthServiceTests.CrashLoop_Detected_After_Three_Unclean_Starts_In_Window" storage="c:\users\administrator\ggs\tests\ggs.e2etests\bin\debug\net8.0-windows\ggs.e2etests.dll" id="8cb35493-4d7c-98f6-2b93-6c935d7baaf5">
      <Execution id="f95c5b86-26b7-427e-b311-ab670d780b19" />
      <TestMethod codeBase="C:\Users\Administrator\GGs\tests\GGs.E2ETests\bin\Debug\net8.0-windows\GGs.E2ETests.dll" adapterTypeName="executor://xunit/VsTestRunner2/netcoreapp" className="GGs.E2ETests.StartupHealthServiceTests" name="CrashLoop_Detected_After_Three_Unclean_Starts_In_Window" />
    </UnitTest>
    <UnitTest name="GGs.E2ETests.LicenseFlowTests.DemoKeyActivation_ShouldSucceed_AndPersist" storage="c:\users\administrator\ggs\tests\ggs.e2etests\bin\debug\net8.0-windows\ggs.e2etests.dll" id="954465f5-6038-e4f1-3a1b-f2f7a10d5f85">
      <Execution id="4fb071e7-c209-4925-9991-8368b42e9861" />
      <TestMethod codeBase="C:\Users\Administrator\GGs\tests\GGs.E2ETests\bin\Debug\net8.0-windows\GGs.E2ETests.dll" adapterTypeName="executor://xunit/VsTestRunner2/netcoreapp" className="GGs.E2ETests.LicenseFlowTests" name="DemoKeyActivation_ShouldSucceed_AndPersist" />
    </UnitTest>
    <UnitTest name="GGs.E2ETests.StartupResilienceTests.RecoveryWindow_Should_Open_And_Close_Safely" storage="c:\users\administrator\ggs\tests\ggs.e2etests\bin\debug\net8.0-windows\ggs.e2etests.dll" id="90f585e5-ceaf-4942-0286-c1d13b4ae58c">
      <Execution id="8e99731b-d3b3-4374-9da5-6b80c1e22b56" />
      <TestMethod codeBase="C:\Users\Administrator\GGs\tests\GGs.E2ETests\bin\Debug\net8.0-windows\GGs.E2ETests.dll" adapterTypeName="executor://xunit/VsTestRunner2/netcoreapp" className="GGs.E2ETests.StartupResilienceTests" name="RecoveryWindow_Should_Open_And_Close_Safely" />
    </UnitTest>
    <UnitTest name="GGs.E2ETests.TweakExecutionTests.ExecuteTweak_WithUndoRedo_ShouldMaintainStateConsistency" storage="c:\users\administrator\ggs\tests\ggs.e2etests\bin\debug\net8.0-windows\ggs.e2etests.dll" id="bc61ec0f-5295-1aec-fed8-071e2fa32d17">
      <Execution id="7214d8a6-241d-49b4-a4c7-560b649636fb" />
      <TestMethod codeBase="C:\Users\Administrator\GGs\tests\GGs.E2ETests\bin\Debug\net8.0-windows\GGs.E2ETests.dll" adapterTypeName="executor://xunit/VsTestRunner2/netcoreapp" className="GGs.E2ETests.TweakExecutionTests" name="ExecuteTweak_WithUndoRedo_ShouldMaintainStateConsistency" />
    </UnitTest>
    <UnitTest name="GGs.E2ETests.AutoUpdateServiceTests.CheckForUpdatesAsync_ReturnsInfo_WhenNewer_NoSignature" storage="c:\users\administrator\ggs\tests\ggs.e2etests\bin\debug\net8.0-windows\ggs.e2etests.dll" id="ad340158-673a-4c03-2b44-1a3f2e6ff9d3">
      <Execution id="dcbe28a9-7c4b-4ece-866a-48a9cf6911c6" />
      <TestMethod codeBase="C:\Users\Administrator\GGs\tests\GGs.E2ETests\bin\Debug\net8.0-windows\GGs.E2ETests.dll" adapterTypeName="executor://xunit/VsTestRunner2/netcoreapp" className="GGs.E2ETests.AutoUpdateServiceTests" name="CheckForUpdatesAsync_ReturnsInfo_WhenNewer_NoSignature" />
    </UnitTest>
    <UnitTest name="GGs.E2ETests.LoggingTests.AppLogger_ShouldWrite_To_Custom_Log_Dir" storage="c:\users\administrator\ggs\tests\ggs.e2etests\bin\debug\net8.0-windows\ggs.e2etests.dll" id="cbeabe85-058b-9359-35ce-6e45aa47aef0">
      <Execution id="116c1515-31a9-465d-8a2f-fc4a5071b15c" />
      <TestMethod codeBase="C:\Users\Administrator\GGs\tests\GGs.E2ETests\bin\Debug\net8.0-windows\GGs.E2ETests.dll" adapterTypeName="executor://xunit/VsTestRunner2/netcoreapp" className="GGs.E2ETests.LoggingTests" name="AppLogger_ShouldWrite_To_Custom_Log_Dir" />
    </UnitTest>
    <UnitTest name="GGs.E2ETests.TweakExecutionTests.SupportedTweakTypes_ShouldExecuteSuccessfully(commandType: Script)" storage="c:\users\administrator\ggs\tests\ggs.e2etests\bin\debug\net8.0-windows\ggs.e2etests.dll" id="7d879b8f-8143-b46f-521e-6863efec246d">
      <Execution id="ee925e88-90e0-428a-9acd-8fce741a06c0" />
      <TestMethod codeBase="C:\Users\Administrator\GGs\tests\GGs.E2ETests\bin\Debug\net8.0-windows\GGs.E2ETests.dll" adapterTypeName="executor://xunit/VsTestRunner2/netcoreapp" className="GGs.E2ETests.TweakExecutionTests" name="SupportedTweakTypes_ShouldExecuteSuccessfully" />
    </UnitTest>
    <UnitTest name="GGs.E2ETests.AutoUpdateServiceTests.DownloadAndInstallAsync_ReturnsFalse_OnHashMismatch" storage="c:\users\administrator\ggs\tests\ggs.e2etests\bin\debug\net8.0-windows\ggs.e2etests.dll" id="77b58382-c874-18c0-29fc-9c63d6731ce7">
      <Execution id="3e95ab3e-5e13-45c8-83b6-41af871826f2" />
      <TestMethod codeBase="C:\Users\Administrator\GGs\tests\GGs.E2ETests\bin\Debug\net8.0-windows\GGs.E2ETests.dll" adapterTypeName="executor://xunit/VsTestRunner2/netcoreapp" className="GGs.E2ETests.AutoUpdateServiceTests" name="DownloadAndInstallAsync_ReturnsFalse_OnHashMismatch" />
    </UnitTest>
    <UnitTest name="GGs.E2ETests.EnrichedAuditLogTests.RegistryTweak_Logs_EnrichedFields" storage="c:\users\administrator\ggs\tests\ggs.e2etests\bin\debug\net8.0-windows\ggs.e2etests.dll" id="ccae41f9-05e0-e856-c182-99936a32c676">
      <Execution id="4b007e37-2f21-41d1-817d-46efea84a1d6" />
      <TestMethod codeBase="C:\Users\Administrator\GGs\tests\GGs.E2ETests\bin\Debug\net8.0-windows\GGs.E2ETests.dll" adapterTypeName="executor://xunit/VsTestRunner2/netcoreapp" className="GGs.E2ETests.EnrichedAuditLogTests" name="RegistryTweak_Logs_EnrichedFields" />
    </UnitTest>
    <UnitTest name="GGs.E2ETests.CrashReportingTests.CrashReporting_Writes_Scrubbed_Report_With_Attachments" storage="c:\users\administrator\ggs\tests\ggs.e2etests\bin\debug\net8.0-windows\ggs.e2etests.dll" id="369eb333-1a64-932e-9e26-727c6058db86">
      <Execution id="27c5c964-e33e-49b5-a166-d1f6a56bb614" />
      <TestMethod codeBase="C:\Users\Administrator\GGs\tests\GGs.E2ETests\bin\Debug\net8.0-windows\GGs.E2ETests.dll" adapterTypeName="executor://xunit/VsTestRunner2/netcoreapp" className="GGs.E2ETests.CrashReportingTests" name="CrashReporting_Writes_Scrubbed_Report_With_Attachments" />
    </UnitTest>
    <UnitTest name="GGs.E2ETests.StartupResilienceTests.ErrorLogViewer_Should_Open_And_ReadExistingLogsOnce" storage="c:\users\administrator\ggs\tests\ggs.e2etests\bin\debug\net8.0-windows\ggs.e2etests.dll" id="0d533ca2-649b-277b-c4fb-454c6a517a45">
      <Execution id="85ebb27b-9ddd-47ee-97f0-f78596f7280e" />
      <TestMethod codeBase="C:\Users\Administrator\GGs\tests\GGs.E2ETests\bin\Debug\net8.0-windows\GGs.E2ETests.dll" adapterTypeName="executor://xunit/VsTestRunner2/netcoreapp" className="GGs.E2ETests.StartupResilienceTests" name="ErrorLogViewer_Should_Open_And_ReadExistingLogsOnce" />
    </UnitTest>
    <UnitTest name="GGs.E2ETests.LicenseServiceTests.License_ReadWrite_IsConcurrencySafe_And_UpdatesMetadata" storage="c:\users\administrator\ggs\tests\ggs.e2etests\bin\debug\net8.0-windows\ggs.e2etests.dll" id="e7aaa6ec-3fdb-6d5f-0b53-277941647718">
      <Execution id="8596722a-ae15-486f-9a78-2e7c0a056a81" />
      <TestMethod codeBase="C:\Users\Administrator\GGs\tests\GGs.E2ETests\bin\Debug\net8.0-windows\GGs.E2ETests.dll" adapterTypeName="executor://xunit/VsTestRunner2/netcoreapp" className="GGs.E2ETests.LicenseServiceTests" name="License_ReadWrite_IsConcurrencySafe_And_UpdatesMetadata" />
    </UnitTest>
    <UnitTest name="GGs.E2ETests.StartupHealthServiceTests.Clean_Exit_Breaks_Loop" storage="c:\users\administrator\ggs\tests\ggs.e2etests\bin\debug\net8.0-windows\ggs.e2etests.dll" id="8609cf40-8047-c370-363d-2b612208f4bf">
      <Execution id="204fb960-c124-4a4e-bed1-7874a8c734bf" />
      <TestMethod codeBase="C:\Users\Administrator\GGs\tests\GGs.E2ETests\bin\Debug\net8.0-windows\GGs.E2ETests.dll" adapterTypeName="executor://xunit/VsTestRunner2/netcoreapp" className="GGs.E2ETests.StartupHealthServiceTests" name="Clean_Exit_Breaks_Loop" />
    </UnitTest>
    <UnitTest name="GGs.E2ETests.LicenseActivationTests.DemoKeyActivation_ShouldPersistPayload" storage="c:\users\administrator\ggs\tests\ggs.e2etests\bin\debug\net8.0-windows\ggs.e2etests.dll" id="de3c7600-c4cb-46b1-cf33-986923c5e2dc">
      <Execution id="a977ab00-f02e-4a59-ad34-9bb2ff5661aa" />
      <TestMethod codeBase="C:\Users\Administrator\GGs\tests\GGs.E2ETests\bin\Debug\net8.0-windows\GGs.E2ETests.dll" adapterTypeName="executor://xunit/VsTestRunner2/netcoreapp" className="GGs.E2ETests.LicenseActivationTests" name="DemoKeyActivation_ShouldPersistPayload" />
    </UnitTest>
    <UnitTest name="GGs.E2ETests.LicenseFlowTests.AppConfig_DemoMode_ShouldFollowEnv" storage="c:\users\administrator\ggs\tests\ggs.e2etests\bin\debug\net8.0-windows\ggs.e2etests.dll" id="b8b399d2-7e72-47aa-e845-4e3490c2793b">
      <Execution id="4e973246-a19e-4dd3-a5b2-469727dbc423" />
      <TestMethod codeBase="C:\Users\Administrator\GGs\tests\GGs.E2ETests\bin\Debug\net8.0-windows\GGs.E2ETests.dll" adapterTypeName="executor://xunit/VsTestRunner2/netcoreapp" className="GGs.E2ETests.LicenseFlowTests" name="AppConfig_DemoMode_ShouldFollowEnv" />
    </UnitTest>
    <UnitTest name="GGs.E2ETests.EnrichedAuditLogTests.ScriptTweak_Logs_ScriptAppliedAndUndo" storage="c:\users\administrator\ggs\tests\ggs.e2etests\bin\debug\net8.0-windows\ggs.e2etests.dll" id="5ccd6b58-e9b2-bec0-bffd-d564c851d086">
      <Execution id="17867605-3020-4e97-b9a2-ad50ac4d7652" />
      <TestMethod codeBase="C:\Users\Administrator\GGs\tests\GGs.E2ETests\bin\Debug\net8.0-windows\GGs.E2ETests.dll" adapterTypeName="executor://xunit/VsTestRunner2/netcoreapp" className="GGs.E2ETests.EnrichedAuditLogTests" name="ScriptTweak_Logs_ScriptAppliedAndUndo" />
    </UnitTest>
  </TestDefinitions>
  <TestEntries>
    <TestEntry testId="dc91776a-4a6f-e111-0b95-936bbbfa763b" executionId="4f3522ab-854f-4436-ae22-bcf119102907" testListId="8c84fa94-04c1-424b-9868-57a2d4851a1d" />
    <TestEntry testId="0d533ca2-649b-277b-c4fb-454c6a517a45" executionId="85ebb27b-9ddd-47ee-97f0-f78596f7280e" testListId="8c84fa94-04c1-424b-9868-57a2d4851a1d" />
    <TestEntry testId="77b58382-c874-18c0-29fc-9c63d6731ce7" executionId="3e95ab3e-5e13-45c8-83b6-41af871826f2" testListId="8c84fa94-04c1-424b-9868-57a2d4851a1d" />
    <TestEntry testId="8cb35493-4d7c-98f6-2b93-6c935d7baaf5" executionId="f95c5b86-26b7-427e-b311-ab670d780b19" testListId="8c84fa94-04c1-424b-9868-57a2d4851a1d" />
    <TestEntry testId="de3c7600-c4cb-46b1-cf33-986923c5e2dc" executionId="a977ab00-f02e-4a59-ad34-9bb2ff5661aa" testListId="8c84fa94-04c1-424b-9868-57a2d4851a1d" />
    <TestEntry testId="90f585e5-ceaf-4942-0286-c1d13b4ae58c" executionId="8e99731b-d3b3-4374-9da5-6b80c1e22b56" testListId="8c84fa94-04c1-424b-9868-57a2d4851a1d" />
    <TestEntry testId="5ccd6b58-e9b2-bec0-bffd-d564c851d086" executionId="17867605-3020-4e97-b9a2-ad50ac4d7652" testListId="8c84fa94-04c1-424b-9868-57a2d4851a1d" />
    <TestEntry testId="566d3333-4610-901c-cff9-e5e415e4aeed" executionId="f8e8c0ca-28a4-4f97-b7f6-1dd22f71f4b1" testListId="8c84fa94-04c1-424b-9868-57a2d4851a1d" />
    <TestEntry testId="ef58609a-db30-2c8e-77dd-ab40d2f66e44" executionId="1ebe5038-cb35-4f3b-b65a-6a6bf85eddb4" testListId="8c84fa94-04c1-424b-9868-57a2d4851a1d" />
    <TestEntry testId="8609cf40-8047-c370-363d-2b612208f4bf" executionId="204fb960-c124-4a4e-bed1-7874a8c734bf" testListId="8c84fa94-04c1-424b-9868-57a2d4851a1d" />
    <TestEntry testId="cbeabe85-058b-9359-35ce-6e45aa47aef0" executionId="116c1515-31a9-465d-8a2f-fc4a5071b15c" testListId="8c84fa94-04c1-424b-9868-57a2d4851a1d" />
    <TestEntry testId="77f3733f-bd6f-cce2-7054-04acd44958fa" executionId="c5df26d7-b290-4c7f-b461-69307246ab8a" testListId="8c84fa94-04c1-424b-9868-57a2d4851a1d" />
    <TestEntry testId="e7aaa6ec-3fdb-6d5f-0b53-277941647718" executionId="8596722a-ae15-486f-9a78-2e7c0a056a81" testListId="8c84fa94-04c1-424b-9868-57a2d4851a1d" />
    <TestEntry testId="7d879b8f-8143-b46f-521e-6863efec246d" executionId="ee925e88-90e0-428a-9acd-8fce741a06c0" testListId="8c84fa94-04c1-424b-9868-57a2d4851a1d" />
    <TestEntry testId="ccae41f9-05e0-e856-c182-99936a32c676" executionId="4b007e37-2f21-41d1-817d-46efea84a1d6" testListId="8c84fa94-04c1-424b-9868-57a2d4851a1d" />
    <TestEntry testId="b8b399d2-7e72-47aa-e845-4e3490c2793b" executionId="4e973246-a19e-4dd3-a5b2-469727dbc423" testListId="8c84fa94-04c1-424b-9868-57a2d4851a1d" />
    <TestEntry testId="369eb333-1a64-932e-9e26-727c6058db86" executionId="27c5c964-e33e-49b5-a166-d1f6a56bb614" testListId="8c84fa94-04c1-424b-9868-57a2d4851a1d" />
    <TestEntry testId="bc61ec0f-5295-1aec-fed8-071e2fa32d17" executionId="7214d8a6-241d-49b4-a4c7-560b649636fb" testListId="8c84fa94-04c1-424b-9868-57a2d4851a1d" />
    <TestEntry testId="954465f5-6038-e4f1-3a1b-f2f7a10d5f85" executionId="4fb071e7-c209-4925-9991-8368b42e9861" testListId="8c84fa94-04c1-424b-9868-57a2d4851a1d" />
    <TestEntry testId="37819845-f39b-3ab2-e856-bedba185a404" executionId="90dfb5d4-9683-47ea-b0d6-2d59f1d3b0a9" testListId="8c84fa94-04c1-424b-9868-57a2d4851a1d" />
    <TestEntry testId="ad340158-673a-4c03-2b44-1a3f2e6ff9d3" executionId="dcbe28a9-7c4b-4ece-866a-48a9cf6911c6" testListId="8c84fa94-04c1-424b-9868-57a2d4851a1d" />
  </TestEntries>
  <TestLists>
    <TestList name="Results Not in a List" id="8c84fa94-04c1-424b-9868-57a2d4851a1d" />
    <TestList name="All Loaded Results" id="19431567-8539-422a-85d7-44ee4e166bda" />
  </TestLists>
  <ResultSummary outcome="Completed">
    <Counters total="21" executed="21" passed="21" failed="0" error="0" timeout="0" aborted="0" inconclusive="0" passedButRunAborted="0" notRunnable="0" notExecuted="0" disconnected="0" warning="0" completed="0" inProgress="0" pending="0" />
    <Output>
      <StdOut>[xUnit.net 00:00:00.00] xUnit.net VSTest Adapter v2.5.4.1+b9eacec401 (64-bit .NET 8.0.19)&#xD;
[xUnit.net 00:00:00.06]   Discovering: GGs.E2ETests&#xD;
[xUnit.net 00:00:00.09]   Discovered:  GGs.E2ETests&#xD;
[xUnit.net 00:00:00.09]   Starting:    GGs.E2ETests&#xD;
[xUnit.net 00:00:55.52]   Finished:    GGs.E2ETests&#xD;
</StdOut>
    </Output>
  </ResultSummary>
</TestRun>